Environment for /home/dpuiu/projects/MitoHPC2.sm/envs/alignment.yaml created (location: .snakemake/conda/093e8b8ff91bb9cf1a4c1e2fe0124c87_)
Using shell: /usr/bin/bash
Provided cores: 1 (use --cores to define parallelism)
Rules claiming more threads will be scaled down.
Job stats:
job                          count
-------------------------  -------
COMPUTE_ALIGNMENT_STATS          2
COMPUTE_MTDNA_COPY_NUMBER        2
all                              1
total                            5

Select jobs to execute...

[Wed Sep 30 17:25:41 2026]
rule COMPUTE_ALIGNMENT_STATS:
    input: bams/HG00438.bam, bams/HG00438.bam.bai
    output: out/HG00438.idxstats
    jobid: 2
    reason: Missing output files: out/HG00438.idxstats
    wildcards: sample=HG00438
    resources: tmpdir=/tmp, mem_mb=2000, mem_mib=1908

samtools 1.19.2
[Wed Sep 30 17:25:41 2026]
Finished job 2.
1 of 5 steps (20%) done
Select jobs to execute...

[Wed Sep 30 17:25:41 2026]
rule COMPUTE_MTDNA_COPY_NUMBER:
    input: out/HG00438.idxstats
    output: out/HG00438.count
    jobid: 1
    reason: Missing output files: out/HG00438.count; Input files updated by another job: out/HG00438.idxstats
    wildcards: sample=HG00438
    resources: tmpdir=/tmp, mem_mb=2000, mem_mib=1908

[Wed Sep 30 17:25:42 2026]
Finished job 1.
2 of 5 steps (40%) done
Select jobs to execute...

[Wed Sep 30 17:25:42 2026]
rule COMPUTE_ALIGNMENT_STATS:
    input: bams/HG00621.bam, bams/HG00621.bam.bai
    output: out/HG00621.idxstats
    jobid: 6
    reason: Missing output files: out/HG00621.idxstats
    wildcards: sample=HG00621
    resources: tmpdir=/tmp, mem_mb=2000, mem_mib=1908

samtools 1.19.2
[Wed Sep 30 17:25:42 2026]
Finished job 6.
3 of 5 steps (60%) done
Select jobs to execute...

[Wed Sep 30 17:25:42 2026]
rule COMPUTE_MTDNA_COPY_NUMBER:
    input: out/HG00621.idxstats
    output: out/HG00621.count
    jobid: 5
    reason: Missing output files: out/HG00621.count; Input files updated by another job: out/HG00621.idxstats
    wildcards: sample=HG00621
    resources: tmpdir=/tmp, mem_mb=2000, mem_mib=1908

[Wed Sep 30 17:25:42 2026]
Finished job 5.
4 of 5 steps (80%) done
Select jobs to execute...

[Wed Sep 30 17:25:42 2026]
localrule all:
    input: out/HG00438.count, out/HG00621.count
    jobid: 0
    reason: Input files updated by another job: out/HG00438.count, out/HG00621.count
    resources: tmpdir=/tmp

[Wed Sep 30 17:25:42 2026]
Finished job 0.
5 of 5 steps (100%) done
Complete log: .snakemake/log/2026-09-30T172159.499664.snakemake.log
