Building DAG of jobs...
Job stats:
job                          count
-------------------------  -------
COMPUTE_MTDNA_COPY_NUMBER        2
all                              1
total                            3


[Wed Sep 30 14:27:08 2026]
rule COMPUTE_MTDNA_COPY_NUMBER:
    input: out/HG00438.idxstats
    output: out/HG00438.count
    jobid: 1
    reason: Missing output files: out/HG00438.count
    wildcards: sample=HG00438
    resources: tmpdir=/tmp, mem_mb=2000, mem_mib=1908


[Wed Sep 30 14:27:08 2026]
rule COMPUTE_MTDNA_COPY_NUMBER:
    input: out/HG00621.idxstats
    output: out/HG00621.count
    jobid: 5
    reason: Missing output files: out/HG00621.count
    wildcards: sample=HG00621
    resources: tmpdir=/tmp, mem_mb=2000, mem_mib=1908


[Wed Sep 30 14:27:08 2026]
localrule all:
    input: out/HG00438.count, out/HG00621.count
    jobid: 0
    reason: Input files updated by another job: out/HG00438.count, out/HG00621.count
    resources: tmpdir=/tmp

Job stats:
job                          count
-------------------------  -------
COMPUTE_MTDNA_COPY_NUMBER        2
all                              1
total                            3

Reasons:
    (check individual jobs above for details)
    input files updated by another job:
        all
    missing output files:
        COMPUTE_MTDNA_COPY_NUMBER

This was a dry-run (flag -n). The order of jobs does not reflect the order of execution.
